BracketsGF™ version 1:

Window titles don't show.